2026-09-03 09:49:33,251 - INFO - Cities loaded successfully
2026-09-03 09:49:33,252 - INFO - Processing New York
2026-09-03 09:50:58,386 - INFO - Cities loaded successfully
2026-09-03 09:50:58,386 - INFO - Processing New York
2026-09-03 09:52:03,619 - INFO - Cities loaded successfully
2026-09-03 09:52:03,620 - INFO - Processing New York
2026-09-03 10:20:57,360 - INFO - Cities loaded successfully
2026-09-03 10:20:57,361 - INFO - Processing New York
2026-09-03 10:22:03,068 - INFO - Cities loaded successfully
2026-09-03 10:22:03,069 - INFO - Processing New York
2026-09-03 10:24:48,272 - INFO - Cities loaded successfully
2026-09-03 10:24:48,272 - INFO - Processing New York
2026-09-03 10:24:49,316 - INFO - Processing London
2026-09-03 10:24:50,368 - INFO - Processing Paris
2026-09-03 10:24:51,356 - INFO - Processing Tokyo
2026-09-03 10:24:52,429 - INFO - Processing Berlin
2026-09-03 10:24:53,474 - INFO - Processing Madrid
2026-09-03 10:24:54,526 - INFO - Processing Rome
2026-09-03 10:24:55,545 - INFO - Processing Toronto
2026-09-03 10:24:56,864 - INFO - Processing Sydney
2026-09-03 10:24:58,090 - INFO - Processing Singapore
2026-09-03 10:28:35,269 - INFO - Cities loaded successfully
2026-09-03 10:28:35,269 - INFO - Processing New York
2026-09-03 10:28:36,290 - INFO - Processing London
2026-09-03 10:28:37,627 - INFO - Processing Paris
2026-09-03 10:28:38,676 - INFO - Processing Tokyo
2026-09-03 10:28:39,701 - INFO - Processing Berlin
2026-09-03 10:28:41,002 - INFO - Processing Madrid
2026-09-03 10:28:42,029 - INFO - Processing Rome
2026-09-03 10:28:43,094 - INFO - Processing Toronto
2026-09-03 10:28:44,435 - INFO - Processing Sydney
2026-09-03 10:28:45,617 - INFO - Processing Singapore
2026-09-03 10:28:46,703 - INFO - Processing San Jose
2026-09-03 10:28:48,035 - INFO - Processing Mexico City
2026-09-03 10:28:49,095 - INFO - Processing Buenos Aires
2026-09-03 10:28:50,452 - INFO - Processing Bogota
2026-09-03 10:28:51,491 - INFO - Processing Santiago
2026-09-03 10:28:53,007 - INFO - Process completed
2026-09-03 10:29:29,466 - INFO - Cities loaded successfully
2026-09-03 10:29:29,466 - INFO - Processing New York
2026-09-03 10:29:30,683 - INFO - Processing London
2026-09-03 10:29:31,754 - INFO - Processing Paris
2026-09-03 10:29:32,819 - INFO - Processing Tokyo
2026-09-03 10:29:33,872 - INFO - Processing Berlin
2026-09-03 10:29:34,948 - INFO - Processing Madrid
2026-09-03 10:29:35,986 - INFO - Processing Rome
2026-09-03 10:29:37,028 - INFO - Processing Toronto
2026-09-03 10:29:38,092 - INFO - Processing Sydney
2026-09-03 10:29:39,114 - INFO - Processing Singapore
2026-09-03 10:29:40,134 - INFO - Processing San Jose
2026-09-03 10:29:41,303 - INFO - Processing Mexico City
2026-09-03 10:29:42,347 - INFO - Processing Buenos Aires
2026-09-03 10:29:43,439 - INFO - Processing Bogota
2026-09-03 10:29:44,433 - INFO - Processing Santiago
2026-09-03 10:29:46,050 - INFO - Process completed
2026-09-03 10:35:18,188 - INFO - Cities loaded successfully
2026-09-03 10:35:18,188 - INFO - Processing New York
2026-09-03 10:35:19,545 - INFO - Processing London
2026-09-03 10:35:20,567 - INFO - Processing Paris
2026-09-03 10:35:21,898 - INFO - Processing Tokyo
2026-09-03 10:35:23,202 - INFO - Processing Berlin
2026-09-03 10:35:24,474 - INFO - Processing Madrid
2026-09-03 10:35:25,593 - INFO - Processing Rome
2026-09-03 10:35:26,897 - INFO - Processing Toronto
2026-09-03 10:35:27,968 - INFO - Processing Sydney
2026-09-03 10:35:29,255 - INFO - Processing Singapore
2026-09-03 10:35:30,315 - INFO - Processing San Jose
2026-09-03 10:35:31,620 - INFO - Processing Mexico City
2026-09-03 10:35:32,661 - INFO - Processing Buenos Aires
2026-09-03 10:35:33,711 - INFO - Processing Bogota
2026-09-03 10:35:35,172 - INFO - Processing Santiago
2026-09-03 10:35:36,518 - INFO - Process completed
2026-09-08 09:31:25,042 - INFO - Cities loaded successfully
2026-09-08 09:38:19,859 - INFO - Processing New York
2026-09-08 09:43:15,450 - INFO - Processing London
2026-09-08 09:44:00,171 - INFO - Processing Paris
2026-09-08 09:44:01,255 - INFO - Processing Tokyo
2026-09-08 09:44:02,230 - INFO - Processing Berlin
2026-09-08 09:44:03,361 - INFO - Processing Madrid
2026-09-08 09:44:06,441 - INFO - Processing Rome
2026-09-08 09:44:07,429 - INFO - Processing Toronto
2026-09-08 09:44:08,447 - INFO - Processing Sydney
2026-09-08 09:44:09,740 - INFO - Processing Singapore
2026-09-08 09:44:10,998 - INFO - Processing San Jose
2026-09-08 09:44:12,014 - INFO - Processing Mexico City
2026-09-08 09:51:29,128 - INFO - Cities loaded successfully
2026-09-08 09:51:29,129 - INFO - Processing New York
2026-09-08 09:51:30,486 - INFO - Processing London
2026-09-08 09:51:31,480 - INFO - Processing Paris
2026-09-08 09:51:32,462 - INFO - Processing Tokyo
2026-09-08 09:51:33,778 - INFO - Processing Berlin
2026-09-08 09:51:35,076 - INFO - Processing Madrid
2026-09-08 09:51:36,381 - INFO - Processing Rome
2026-09-08 09:51:37,784 - INFO - Processing Toronto
2026-09-08 09:51:39,057 - INFO - Processing Sydney
2026-09-08 09:51:40,079 - INFO - Processing Singapore
2026-09-08 09:51:41,333 - INFO - Processing San Jose
2026-09-08 09:51:42,833 - INFO - Processing Mexico City
2026-09-08 09:51:43,856 - INFO - Processing Buenos Aires
2026-09-08 09:51:45,139 - INFO - Processing Bogota
2026-09-08 09:51:46,204 - INFO - Processing Santiago
2026-09-08 09:51:48,446 - INFO - Process completed
2026-09-08 09:58:29,170 - INFO - Cities loaded successfully
2026-09-08 09:58:29,170 - INFO - Processing New York
2026-09-08 09:58:30,490 - INFO - Processing London
2026-09-08 09:58:31,474 - INFO - Processing Paris
2026-09-08 09:58:32,720 - INFO - Processing Tokyo
2026-09-08 09:58:34,020 - INFO - Processing Berlin
2026-09-08 09:58:35,066 - INFO - Processing Madrid
2026-09-08 09:58:36,123 - INFO - Processing Rome
2026-09-08 09:58:37,433 - INFO - Processing Toronto
2026-09-08 09:58:38,700 - INFO - Processing Sydney
2026-09-08 09:58:40,029 - INFO - Processing Singapore
2026-09-08 09:58:41,304 - INFO - Processing San Jose
2026-09-08 09:58:42,498 - INFO - Processing Mexico City
2026-09-08 09:58:43,808 - INFO - Processing Buenos Aires
2026-09-08 09:58:45,082 - INFO - Processing Bogota
2026-09-08 09:58:46,113 - INFO - Processing Santiago
2026-09-08 09:58:47,740 - INFO - Process completed
2026-09-10 07:11:10,359 - INFO - Cities loaded successfully
2026-09-10 07:11:10,361 - INFO - Processing New York
2026-09-10 07:11:11,733 - INFO - Processing London
2026-09-10 07:11:13,237 - INFO - Processing Paris
2026-09-10 07:11:14,703 - INFO - Processing Tokyo
2026-09-10 07:11:16,056 - INFO - Processing Berlin
2026-09-10 07:11:17,446 - INFO - Processing Madrid
2026-09-10 07:11:18,776 - INFO - Processing Rome
2026-09-10 07:11:20,137 - INFO - Processing Toronto
2026-09-10 07:11:47,577 - INFO - Cities loaded successfully
2026-09-10 07:11:47,578 - INFO - Processing New York
2026-09-10 07:11:48,646 - INFO - Processing London
2026-09-10 07:11:49,781 - INFO - Processing Paris
2026-09-10 07:11:50,851 - INFO - Processing Tokyo
2026-09-10 07:11:52,190 - INFO - Processing Berlin
2026-09-10 07:11:53,525 - INFO - Processing Madrid
2026-09-10 07:11:54,865 - INFO - Processing Rome
2026-09-10 07:11:55,873 - INFO - Processing Toronto
2026-09-10 07:11:57,305 - INFO - Processing Sydney
2026-09-10 07:11:58,709 - INFO - Processing Singapore
2026-09-10 07:11:59,781 - INFO - Processing San Jose
2026-09-10 07:12:00,852 - INFO - Processing Mexico City
2026-09-10 07:12:02,070 - INFO - Processing Buenos Aires
2026-09-10 07:12:03,476 - INFO - Processing Bogota
2026-09-10 07:12:04,493 - INFO - Processing Santiago
2026-09-10 07:12:06,496 - INFO - Process completed
2026-09-10 07:39:07,587 - INFO - Cities loaded successfully
2026-09-10 07:41:21,687 - INFO - Processing New York
2026-09-10 08:02:27,743 - INFO - Processing London
2026-09-10 08:14:36,672 - INFO - Processing Paris
2026-09-10 08:16:07,204 - INFO - Processing Tokyo
2026-09-10 08:18:36,373 - INFO - Processing Berlin
2026-09-10 08:18:37,649 - INFO - Processing Madrid
2026-09-10 08:18:39,195 - INFO - Processing Rome
2026-09-10 08:18:40,346 - INFO - Processing Toronto
2026-09-10 08:18:41,409 - INFO - Processing Sydney
2026-09-10 08:18:42,477 - INFO - Processing Singapore
2026-09-10 08:18:43,826 - INFO - Processing San Jose
2026-09-10 08:18:45,159 - INFO - Processing Mexico City
2026-09-10 08:18:48,447 - INFO - Processing Buenos Aires
2026-09-10 08:18:50,891 - INFO - Processing Bogota
2026-09-10 08:18:55,374 - INFO - Processing Santiago
2026-09-10 08:18:58,466 - INFO - Process completed
2026-09-10 08:21:08,802 - INFO - Cities loaded successfully
2026-09-10 08:21:08,804 - INFO - Processing New York
2026-09-10 08:21:18,730 - INFO - Processing London
2026-09-10 08:25:56,825 - INFO - Cities loaded successfully
2026-09-10 08:25:56,826 - INFO - Processing New York
2026-09-10 08:26:14,208 - INFO - Cities loaded successfully
2026-09-10 08:26:14,208 - INFO - Processing New York
2026-09-10 08:27:07,643 - INFO - Cities loaded successfully
2026-09-10 08:27:07,643 - INFO - Processing New York
2026-09-10 08:30:33,546 - INFO - Cities loaded successfully
2026-09-10 08:30:33,547 - INFO - Processing New York
2026-09-10 08:30:39,094 - INFO - Processing London
2026-09-10 08:30:40,675 - INFO - Processing Paris
2026-09-10 08:30:42,720 - INFO - Processing Tokyo
2026-09-10 08:30:43,834 - INFO - Processing Berlin
2026-09-10 08:30:45,206 - INFO - Processing Madrid
2026-09-10 08:30:46,255 - INFO - Processing Rome
2026-09-10 08:30:48,045 - INFO - Processing Toronto
2026-09-10 08:31:01,424 - INFO - Processing Sydney
2026-09-10 08:31:04,159 - INFO - Processing Singapore
2026-09-10 08:33:24,232 - INFO - Cities loaded successfully
2026-09-10 08:33:24,233 - INFO - Processing New York
2026-09-10 08:33:25,367 - INFO - Processing London
2026-09-10 08:33:26,691 - INFO - Processing Paris
2026-09-10 08:33:27,713 - INFO - Processing Tokyo
2026-09-10 08:33:28,725 - INFO - Processing Berlin
2026-09-10 08:33:30,080 - INFO - Processing Madrid
2026-09-10 08:33:31,238 - INFO - Processing Rome
2026-09-10 08:33:32,273 - INFO - Processing Toronto
2026-09-10 08:33:33,597 - INFO - Processing Sydney
2026-09-10 08:33:35,613 - INFO - Processing Singapore
2026-09-10 08:33:36,688 - INFO - Processing San Jose
2026-09-10 08:33:37,710 - INFO - Processing Mexico City
2026-09-10 08:33:39,044 - INFO - Processing Buenos Aires
2026-09-10 08:33:40,089 - INFO - Processing Bogota
2026-09-10 08:33:41,316 - INFO - Processing Santiago
2026-09-10 08:33:42,838 - INFO - Process completed
2026-09-10 08:34:44,800 - INFO - Cities loaded successfully
2026-09-10 08:34:44,801 - INFO - Processing New York
2026-09-10 08:34:46,155 - INFO - Processing London
2026-09-10 08:34:47,488 - INFO - Processing Paris
2026-09-10 08:34:48,940 - INFO - Processing Tokyo
2026-09-10 08:34:50,277 - INFO - Processing Berlin
2026-09-10 08:34:52,372 - INFO - Processing Madrid
2026-09-10 08:34:53,475 - INFO - Processing Rome
2026-09-10 08:34:54,445 - INFO - Processing Toronto
2026-09-10 08:34:55,489 - INFO - Processing Sydney
2026-09-10 08:34:56,520 - INFO - Processing Singapore
2026-09-10 08:34:57,565 - INFO - Processing San Jose
2026-09-10 08:34:58,679 - INFO - Processing Mexico City
2026-09-10 08:34:59,708 - INFO - Processing Buenos Aires
2026-09-10 08:35:01,025 - INFO - Processing Bogota
2026-09-10 08:35:02,058 - INFO - Processing Santiago
2026-09-10 08:35:03,923 - INFO - Process completed
2026-09-10 09:43:11,436 - INFO - Cities loaded successfully
2026-09-10 09:43:11,437 - INFO - Processing New York
2026-09-10 09:43:12,729 - INFO - Processing London
2026-09-10 09:43:14,144 - INFO - Processing Paris
2026-09-10 09:43:15,502 - INFO - Processing Tokyo
2026-09-10 09:43:16,926 - INFO - Processing Berlin
2026-09-10 09:43:17,960 - INFO - Processing Madrid
2026-09-10 09:43:18,972 - INFO - Processing Rome
2026-09-10 09:43:20,039 - INFO - Processing Toronto
2026-09-10 09:43:21,373 - INFO - Processing Sydney
2026-09-10 09:43:22,594 - INFO - Processing Singapore
2026-09-10 09:43:23,661 - INFO - Processing San Jose
2026-09-10 09:43:25,023 - INFO - Processing Mexico City
2026-09-10 09:43:26,135 - INFO - Processing Buenos Aires
2026-09-10 09:43:27,652 - INFO - Processing Bogota
2026-09-10 09:43:28,729 - INFO - Processing Santiago
2026-09-10 09:43:30,396 - INFO - Process completed
